Archive member included because of file (symbol)

c:/winavr-20100110/bin/../lib/gcc/avr/4.3.3\libgcc.a(_mulhi3.o)
                              C:\Users\o7a9a\AppData\Local\Temp/cceIf3Sc.o (__mulhi3)
c:/winavr-20100110/bin/../lib/gcc/avr/4.3.3\libgcc.a(_mulsi3.o)
                              C:\Users\o7a9a\AppData\Local\Temp/ccov35Sn.o (__mulsi3)
c:/winavr-20100110/bin/../lib/gcc/avr/4.3.3\libgcc.a(_udivmodhi4.o)
                              C:\Users\o7a9a\AppData\Local\Temp/ccq0XtQk.o (__udivmodhi4)
c:/winavr-20100110/bin/../lib/gcc/avr/4.3.3\libgcc.a(_divmodhi4.o)
                              C:\Users\o7a9a\AppData\Local\Temp/ccA3DC7O.o (__divmodhi4)
c:/winavr-20100110/bin/../lib/gcc/avr/4.3.3\libgcc.a(_udivmodsi4.o)
                              C:\Users\o7a9a\AppData\Local\Temp/ccov35Sn.o (__udivmodsi4)
c:/winavr-20100110/bin/../lib/gcc/avr/4.3.3\libgcc.a(_exit.o)
                              c:/winavr-20100110/bin/../lib/gcc/avr/4.3.3/../../../../avr/lib/crts8515.o (exit)
c:/winavr-20100110/bin/../lib/gcc/avr/4.3.3\libgcc.a(_copy_data.o)
                              C:\Users\o7a9a\AppData\Local\Temp/ccov35Sn.o (__do_copy_data)
c:/winavr-20100110/bin/../lib/gcc/avr/4.3.3\libgcc.a(_clear_bss.o)
                              C:\Users\o7a9a\AppData\Local\Temp/ccov35Sn.o (__do_clear_bss)
c:/winavr-20100110/bin/../lib/gcc/avr/4.3.3\libgcc.a(_lshrdi3.o)
                              C:\Users\o7a9a\AppData\Local\Temp/ccm6rVGx.o (__lshrdi3)
c:/winavr-20100110/bin/../lib/gcc/avr/4.3.3/../../../../avr/lib\libc.a(memcpy.o)
                              C:\Users\o7a9a\AppData\Local\Temp/cc8GtDlS.o (memcpy)
c:/winavr-20100110/bin/../lib/gcc/avr/4.3.3/../../../../avr/lib\libc.a(memset.o)
                              C:\Users\o7a9a\AppData\Local\Temp/ccr8DSVZ.o (memset)
c:/winavr-20100110/bin/../lib/gcc/avr/4.3.3/../../../../avr/lib\libc.a(strncpy.o)
                              C:\Users\o7a9a\AppData\Local\Temp/ccr8DSVZ.o (strncpy)

Allocating common symbols
Common symbol       size              file

pwmHandle           0x1               C:\Users\o7a9a\AppData\Local\Temp/ccov35Sn.o

Discarded input sections

 .data          0x00000000        0x0 c:/winavr-20100110/bin/../lib/gcc/avr/4.3.3/../../../../avr/lib/crts8515.o
 .bss           0x00000000        0x0 c:/winavr-20100110/bin/../lib/gcc/avr/4.3.3/../../../../avr/lib/crts8515.o
 .text          0x00000000        0x0 C:\Users\o7a9a\AppData\Local\Temp/ccov35Sn.o
 .text          0x00000000        0x0 C:\Users\o7a9a\AppData\Local\Temp/ccm6rVGx.o
 .data          0x00000000        0x0 C:\Users\o7a9a\AppData\Local\Temp/ccm6rVGx.o
 .bss           0x00000000        0x0 C:\Users\o7a9a\AppData\Local\Temp/ccm6rVGx.o
 .text          0x00000000        0x0 C:\Users\o7a9a\AppData\Local\Temp/ccA3DC7O.o
 .bss           0x00000000        0x0 C:\Users\o7a9a\AppData\Local\Temp/ccA3DC7O.o
 .text.DIO_readPin
                0x00000000        0x0 C:\Users\o7a9a\AppData\Local\Temp/ccA3DC7O.o
 .text.DIO_togglePin
                0x00000000        0x0 C:\Users\o7a9a\AppData\Local\Temp/ccA3DC7O.o
 .text.DIO_readPortSection
                0x00000000        0x0 C:\Users\o7a9a\AppData\Local\Temp/ccA3DC7O.o
 .text.DIO_assignPortSectionDirection
                0x00000000        0x0 C:\Users\o7a9a\AppData\Local\Temp/ccA3DC7O.o
 .text          0x00000000        0x0 C:\Users\o7a9a\AppData\Local\Temp/cceIf3Sc.o
 .text.PWM_writeDutyCycle
                0x00000000        0x0 C:\Users\o7a9a\AppData\Local\Temp/cceIf3Sc.o
 .text.PWM_writeVolts
                0x00000000        0x0 C:\Users\o7a9a\AppData\Local\Temp/cceIf3Sc.o
 .text.PWMCustom_writeVolts
                0x00000000        0x0 C:\Users\o7a9a\AppData\Local\Temp/cceIf3Sc.o
 .text.PWM_initDefault
                0x00000000        0x0 C:\Users\o7a9a\AppData\Local\Temp/cceIf3Sc.o
 .text.PWM_initCustomFreq
                0x00000000        0x0 C:\Users\o7a9a\AppData\Local\Temp/cceIf3Sc.o
 .text          0x00000000        0x0 C:\Users\o7a9a\AppData\Local\Temp/ccch5mRH.o
 .data          0x00000000        0x0 C:\Users\o7a9a\AppData\Local\Temp/ccch5mRH.o
 .text.__vector_13
                0x00000000        0x0 C:\Users\o7a9a\AppData\Local\Temp/ccch5mRH.o
 .text.UART_consumeBufferAwait
                0x00000000        0x0 C:\Users\o7a9a\AppData\Local\Temp/ccch5mRH.o
 .text.UART_init
                0x00000000        0x0 C:\Users\o7a9a\AppData\Local\Temp/ccch5mRH.o
 .text.UART_initDefault
                0x00000000        0x0 C:\Users\o7a9a\AppData\Local\Temp/ccch5mRH.o
 .text.UART_writeByte
                0x00000000        0x0 C:\Users\o7a9a\AppData\Local\Temp/ccch5mRH.o
 .text.UART_writeBytes
                0x00000000        0x0 C:\Users\o7a9a\AppData\Local\Temp/ccch5mRH.o
 .text.UART_writeString
                0x00000000        0x0 C:\Users\o7a9a\AppData\Local\Temp/ccch5mRH.o
 .text.UART_readByteAwait
                0x00000000        0x0 C:\Users\o7a9a\AppData\Local\Temp/ccch5mRH.o
 .text.UART_readByte
                0x00000000        0x0 C:\Users\o7a9a\AppData\Local\Temp/ccch5mRH.o
 .text.UART_readBytesAwait
                0x00000000        0x0 C:\Users\o7a9a\AppData\Local\Temp/ccch5mRH.o
 .text.UART_readString
                0x00000000        0x0 C:\Users\o7a9a\AppData\Local\Temp/ccch5mRH.o
 .text          0x00000000        0x0 C:\Users\o7a9a\AppData\Local\Temp/ccq0XtQk.o
 .bss           0x00000000        0x0 C:\Users\o7a9a\AppData\Local\Temp/ccq0XtQk.o
 .text.SevenSegment_writeNumber
                0x00000000        0x0 C:\Users\o7a9a\AppData\Local\Temp/ccq0XtQk.o
 .text.SevenSegment_initArr
                0x00000000        0x0 C:\Users\o7a9a\AppData\Local\Temp/ccq0XtQk.o
 .text          0x00000000        0x0 C:\Users\o7a9a\AppData\Local\Temp/ccu0jsQ4.o
 .data          0x00000000        0x0 C:\Users\o7a9a\AppData\Local\Temp/ccu0jsQ4.o
 .bss           0x00000000        0x0 C:\Users\o7a9a\AppData\Local\Temp/ccu0jsQ4.o
 .text.xCoRoutineRemoveFromEventList
                0x00000000        0x0 C:\Users\o7a9a\AppData\Local\Temp/ccu0jsQ4.o
 .text.vCoRoutineSchedule
                0x00000000        0x0 C:\Users\o7a9a\AppData\Local\Temp/ccu0jsQ4.o
 .text.vCoRoutineAddToDelayedList
                0x00000000        0x0 C:\Users\o7a9a\AppData\Local\Temp/ccu0jsQ4.o
 .text.xCoRoutineCreate
                0x00000000        0x0 C:\Users\o7a9a\AppData\Local\Temp/ccu0jsQ4.o
 .text          0x00000000        0x0 C:\Users\o7a9a\AppData\Local\Temp/cc8c5sSS.o
 .data          0x00000000        0x0 C:\Users\o7a9a\AppData\Local\Temp/cc8c5sSS.o
 .text.vPortInitialiseBlocks
                0x00000000        0x0 C:\Users\o7a9a\AppData\Local\Temp/cc8c5sSS.o
 .text.xPortGetFreeHeapSize
                0x00000000        0x0 C:\Users\o7a9a\AppData\Local\Temp/cc8c5sSS.o
 .text          0x00000000        0x0 C:\Users\o7a9a\AppData\Local\Temp/ccmge11K.o
 .data          0x00000000        0x0 C:\Users\o7a9a\AppData\Local\Temp/ccmge11K.o
 .bss           0x00000000        0x0 C:\Users\o7a9a\AppData\Local\Temp/ccmge11K.o
 .text          0x00000000        0x0 C:\Users\o7a9a\AppData\Local\Temp/cc8qyJiM.o
 .data          0x00000000        0x0 C:\Users\o7a9a\AppData\Local\Temp/cc8qyJiM.o
 .bss           0x00000000        0x0 C:\Users\o7a9a\AppData\Local\Temp/cc8qyJiM.o
 .text.vPortEndScheduler
                0x00000000        0x0 C:\Users\o7a9a\AppData\Local\Temp/cc8qyJiM.o
 .text          0x00000000        0x0 C:\Users\o7a9a\AppData\Local\Temp/cc8GtDlS.o
 .data          0x00000000        0x0 C:\Users\o7a9a\AppData\Local\Temp/cc8GtDlS.o
 .bss           0x00000000        0x0 C:\Users\o7a9a\AppData\Local\Temp/cc8GtDlS.o
 .text.uxQueueMessagesWaiting
                0x00000000        0x0 C:\Users\o7a9a\AppData\Local\Temp/cc8GtDlS.o
 .text.uxQueueMessagesWaitingFromISR
                0x00000000        0x0 C:\Users\o7a9a\AppData\Local\Temp/cc8GtDlS.o
 .text.xQueueIsQueueEmptyFromISR
                0x00000000        0x0 C:\Users\o7a9a\AppData\Local\Temp/cc8GtDlS.o
 .text.xQueueIsQueueFullFromISR
                0x00000000        0x0 C:\Users\o7a9a\AppData\Local\Temp/cc8GtDlS.o
 .text.vQueueDelete
                0x00000000        0x0 C:\Users\o7a9a\AppData\Local\Temp/cc8GtDlS.o
 .text.xQueueReceiveFromISR
                0x00000000        0x0 C:\Users\o7a9a\AppData\Local\Temp/cc8GtDlS.o
 .text.prvCopyDataToQueue
                0x00000000        0x0 C:\Users\o7a9a\AppData\Local\Temp/cc8GtDlS.o
 .text.xQueueGenericSendFromISR
                0x00000000        0x0 C:\Users\o7a9a\AppData\Local\Temp/cc8GtDlS.o
 .text.prvUnlockQueue
                0x00000000        0x0 C:\Users\o7a9a\AppData\Local\Temp/cc8GtDlS.o
 .text.xQueueGenericReceive
                0x00000000        0x0 C:\Users\o7a9a\AppData\Local\Temp/cc8GtDlS.o
 .text.xQueueGenericSend
                0x00000000        0x0 C:\Users\o7a9a\AppData\Local\Temp/cc8GtDlS.o
 .text.xQueueCreate
                0x00000000        0x0 C:\Users\o7a9a\AppData\Local\Temp/cc8GtDlS.o
 .text          0x00000000        0x0 C:\Users\o7a9a\AppData\Local\Temp/ccr8DSVZ.o
 .text.xTaskGetTickCountFromISR
                0x00000000        0x0 C:\Users\o7a9a\AppData\Local\Temp/ccr8DSVZ.o
 .text.uxTaskGetNumberOfTasks
                0x00000000        0x0 C:\Users\o7a9a\AppData\Local\Temp/ccr8DSVZ.o
 .text.vTaskSetTimeOutState
                0x00000000        0x0 C:\Users\o7a9a\AppData\Local\Temp/ccr8DSVZ.o
 .text.xTaskCheckForTimeOut
                0x00000000        0x0 C:\Users\o7a9a\AppData\Local\Temp/ccr8DSVZ.o
 .text.vTaskMissedYield
                0x00000000        0x0 C:\Users\o7a9a\AppData\Local\Temp/ccr8DSVZ.o
 .text.xTaskRemoveFromEventList
                0x00000000        0x0 C:\Users\o7a9a\AppData\Local\Temp/ccr8DSVZ.o
 .text.vTaskPlaceOnEventList
                0x00000000        0x0 C:\Users\o7a9a\AppData\Local\Temp/ccr8DSVZ.o
 .text.vTaskDelay
                0x00000000        0x0 C:\Users\o7a9a\AppData\Local\Temp/ccr8DSVZ.o
 .text.vTaskDelete
                0x00000000        0x0 C:\Users\o7a9a\AppData\Local\Temp/ccr8DSVZ.o
 .text.vTaskEndScheduler
                0x00000000        0x0 C:\Users\o7a9a\AppData\Local\Temp/ccr8DSVZ.o
 .text          0x00000000        0x0 C:\Users\o7a9a\AppData\Local\Temp/ccWtSmZf.o
 .data          0x00000000        0x0 C:\Users\o7a9a\AppData\Local\Temp/ccWtSmZf.o
 .bss           0x00000000        0x0 C:\Users\o7a9a\AppData\Local\Temp/ccWtSmZf.o
 .text          0x00000000        0x0 c:/winavr-20100110/bin/../lib/gcc/avr/4.3.3\libgcc.a(_mulhi3.o)
 .data          0x00000000        0x0 c:/winavr-20100110/bin/../lib/gcc/avr/4.3.3\libgcc.a(_mulhi3.o)
 .bss           0x00000000        0x0 c:/winavr-20100110/bin/../lib/gcc/avr/4.3.3\libgcc.a(_mulhi3.o)
 .text          0x00000000        0x0 c:/winavr-20100110/bin/../lib/gcc/avr/4.3.3\libgcc.a(_mulsi3.o)
 .data          0x00000000        0x0 c:/winavr-20100110/bin/../lib/gcc/avr/4.3.3\libgcc.a(_mulsi3.o)
 .bss           0x00000000        0x0 c:/winavr-20100110/bin/../lib/gcc/avr/4.3.3\libgcc.a(_mulsi3.o)
 .text          0x00000000        0x0 c:/winavr-20100110/bin/../lib/gcc/avr/4.3.3\libgcc.a(_udivmodhi4.o)
 .data          0x00000000        0x0 c:/winavr-20100110/bin/../lib/gcc/avr/4.3.3\libgcc.a(_udivmodhi4.o)
 .bss           0x00000000        0x0 c:/winavr-20100110/bin/../lib/gcc/avr/4.3.3\libgcc.a(_udivmodhi4.o)
 .text          0x00000000        0x0 c:/winavr-20100110/bin/../lib/gcc/avr/4.3.3\libgcc.a(_divmodhi4.o)
 .data          0x00000000        0x0 c:/winavr-20100110/bin/../lib/gcc/avr/4.3.3\libgcc.a(_divmodhi4.o)
 .bss           0x00000000        0x0 c:/winavr-20100110/bin/../lib/gcc/avr/4.3.3\libgcc.a(_divmodhi4.o)
 .text          0x00000000        0x0 c:/winavr-20100110/bin/../lib/gcc/avr/4.3.3\libgcc.a(_udivmodsi4.o)
 .data          0x00000000        0x0 c:/winavr-20100110/bin/../lib/gcc/avr/4.3.3\libgcc.a(_udivmodsi4.o)
 .bss           0x00000000        0x0 c:/winavr-20100110/bin/../lib/gcc/avr/4.3.3\libgcc.a(_udivmodsi4.o)
 .text          0x00000000        0x0 c:/winavr-20100110/bin/../lib/gcc/avr/4.3.3\libgcc.a(_exit.o)
 .data          0x00000000        0x0 c:/winavr-20100110/bin/../lib/gcc/avr/4.3.3\libgcc.a(_exit.o)
 .bss           0x00000000        0x0 c:/winavr-20100110/bin/../lib/gcc/avr/4.3.3\libgcc.a(_exit.o)
 .text.libgcc   0x00000000        0x0 c:/winavr-20100110/bin/../lib/gcc/avr/4.3.3\libgcc.a(_exit.o)
 .text          0x00000000        0x0 c:/winavr-20100110/bin/../lib/gcc/avr/4.3.3\libgcc.a(_copy_data.o)
 .data          0x00000000        0x0 c:/winavr-20100110/bin/../lib/gcc/avr/4.3.3\libgcc.a(_copy_data.o)
 .bss           0x00000000        0x0 c:/winavr-20100110/bin/../lib/gcc/avr/4.3.3\libgcc.a(_copy_data.o)
 .text.libgcc   0x00000000        0x0 c:/winavr-20100110/bin/../lib/gcc/avr/4.3.3\libgcc.a(_copy_data.o)
 .text          0x00000000        0x0 c:/winavr-20100110/bin/../lib/gcc/avr/4.3.3\libgcc.a(_clear_bss.o)
 .data          0x00000000        0x0 c:/winavr-20100110/bin/../lib/gcc/avr/4.3.3\libgcc.a(_clear_bss.o)
 .bss           0x00000000        0x0 c:/winavr-20100110/bin/../lib/gcc/avr/4.3.3\libgcc.a(_clear_bss.o)
 .text.libgcc   0x00000000        0x0 c:/winavr-20100110/bin/../lib/gcc/avr/4.3.3\libgcc.a(_clear_bss.o)
 .data          0x00000000        0x0 c:/winavr-20100110/bin/../lib/gcc/avr/4.3.3\libgcc.a(_lshrdi3.o)
 .bss           0x00000000        0x0 c:/winavr-20100110/bin/../lib/gcc/avr/4.3.3\libgcc.a(_lshrdi3.o)
 .text          0x00000000        0x0 c:/winavr-20100110/bin/../lib/gcc/avr/4.3.3/../../../../avr/lib\libc.a(memcpy.o)
 .data          0x00000000        0x0 c:/winavr-20100110/bin/../lib/gcc/avr/4.3.3/../../../../avr/lib\libc.a(memcpy.o)
 .bss           0x00000000        0x0 c:/winavr-20100110/bin/../lib/gcc/avr/4.3.3/../../../../avr/lib\libc.a(memcpy.o)
 .text.avr-libc
                0x00000000        0x0 c:/winavr-20100110/bin/../lib/gcc/avr/4.3.3/../../../../avr/lib\libc.a(memcpy.o)
 .text          0x00000000        0x0 c:/winavr-20100110/bin/../lib/gcc/avr/4.3.3/../../../../avr/lib\libc.a(memset.o)
 .data          0x00000000        0x0 c:/winavr-20100110/bin/../lib/gcc/avr/4.3.3/../../../../avr/lib\libc.a(memset.o)
 .bss           0x00000000        0x0 c:/winavr-20100110/bin/../lib/gcc/avr/4.3.3/../../../../avr/lib\libc.a(memset.o)
 .text          0x00000000        0x0 c:/winavr-20100110/bin/../lib/gcc/avr/4.3.3/../../../../avr/lib\libc.a(strncpy.o)
 .data          0x00000000        0x0 c:/winavr-20100110/bin/../lib/gcc/avr/4.3.3/../../../../avr/lib\libc.a(strncpy.o)
 .bss           0x00000000        0x0 c:/winavr-20100110/bin/../lib/gcc/avr/4.3.3/../../../../avr/lib\libc.a(strncpy.o)

Memory Configuration

Name             Origin             Length             Attributes
text             0x00000000         0x00002000         xr
data             0x00800060         0x0000ffa0         rw !x
eeprom           0x00810000         0x00010000         rw !x
fuse             0x00820000         0x00000400         rw !x
lock             0x00830000         0x00000400         rw !x
signature        0x00840000         0x00000400         rw !x
*default*        0x00000000         0xffffffff

Linker script and memory map

LOAD c:/winavr-20100110/bin/../lib/gcc/avr/4.3.3/../../../../avr/lib/crts8515.o
LOAD C:\Users\o7a9a\AppData\Local\Temp/ccov35Sn.o
LOAD C:\Users\o7a9a\AppData\Local\Temp/ccm6rVGx.o
LOAD C:\Users\o7a9a\AppData\Local\Temp/ccA3DC7O.o
LOAD C:\Users\o7a9a\AppData\Local\Temp/cceIf3Sc.o
LOAD C:\Users\o7a9a\AppData\Local\Temp/ccch5mRH.o
LOAD C:\Users\o7a9a\AppData\Local\Temp/ccq0XtQk.o
LOAD C:\Users\o7a9a\AppData\Local\Temp/ccu0jsQ4.o
LOAD C:\Users\o7a9a\AppData\Local\Temp/cc8c5sSS.o
LOAD C:\Users\o7a9a\AppData\Local\Temp/ccmge11K.o
LOAD C:\Users\o7a9a\AppData\Local\Temp/cc8qyJiM.o
LOAD C:\Users\o7a9a\AppData\Local\Temp/cc8GtDlS.o
LOAD C:\Users\o7a9a\AppData\Local\Temp/ccr8DSVZ.o
LOAD C:\Users\o7a9a\AppData\Local\Temp/ccWtSmZf.o
LOAD c:/winavr-20100110/bin/../lib/gcc/avr/4.3.3\libgcc.a
LOAD c:/winavr-20100110/bin/../lib/gcc/avr/4.3.3/../../../../avr/lib\libc.a
LOAD c:/winavr-20100110/bin/../lib/gcc/avr/4.3.3\libgcc.a

.hash
 *(.hash)

.dynsym
 *(.dynsym)

.dynstr
 *(.dynstr)

.gnu.version
 *(.gnu.version)

.gnu.version_d
 *(.gnu.version_d)

.gnu.version_r
 *(.gnu.version_r)

.rel.init
 *(.rel.init)

.rela.init
 *(.rela.init)

.rel.text
 *(.rel.text)
 *(.rel.text.*)
 *(.rel.gnu.linkonce.t*)

.rela.text
 *(.rela.text)
 *(.rela.text.*)
 *(.rela.gnu.linkonce.t*)

.rel.fini
 *(.rel.fini)

.rela.fini
 *(.rela.fini)

.rel.rodata
 *(.rel.rodata)
 *(.rel.rodata.*)
 *(.rel.gnu.linkonce.r*)

.rela.rodata
 *(.rela.rodata)
 *(.rela.rodata.*)
 *(.rela.gnu.linkonce.r*)

.rel.data
 *(.rel.data)
 *(.rel.data.*)
 *(.rel.gnu.linkonce.d*)

.rela.data
 *(.rela.data)
 *(.rela.data.*)
 *(.rela.gnu.linkonce.d*)

.rel.ctors
 *(.rel.ctors)

.rela.ctors
 *(.rela.ctors)

.rel.dtors
 *(.rel.dtors)

.rela.dtors
 *(.rela.dtors)

.rel.got
 *(.rel.got)

.rela.got
 *(.rela.got)

.rel.bss
 *(.rel.bss)

.rela.bss
 *(.rela.bss)

.rel.plt
 *(.rel.plt)

.rela.plt
 *(.rela.plt)

.text           0x00000000     0x16b4
 *(.vectors)
 .vectors       0x00000000       0x1a c:/winavr-20100110/bin/../lib/gcc/avr/4.3.3/../../../../avr/lib/crts8515.o
                0x00000000                __vectors
                0x00000000                __vector_default
 *(.vectors)
 *(.progmem.gcc*)
 *(.progmem*)
                0x0000001a                . = ALIGN (0x2)
                0x0000001a                __trampolines_start = .
 *(.trampolines)
 .trampolines   0x0000001a        0x0 linker stubs
 *(.trampolines*)
                0x0000001a                __trampolines_end = .
 *(.jumptables)
 *(.jumptables*)
 *(.lowtext)
 *(.lowtext*)
                0x0000001a                __ctors_start = .
 *(.ctors)
                0x0000001a                __ctors_end = .
                0x0000001a                __dtors_start = .
 *(.dtors)
                0x0000001a                __dtors_end = .
 SORT(*)(.ctors)
 SORT(*)(.dtors)
 *(.init0)
 .init0         0x0000001a        0x0 c:/winavr-20100110/bin/../lib/gcc/avr/4.3.3/../../../../avr/lib/crts8515.o
                0x0000001a                __init
 *(.init0)
 *(.init1)
 *(.init1)
 *(.init2)
 .init2         0x0000001a        0xc c:/winavr-20100110/bin/../lib/gcc/avr/4.3.3/../../../../avr/lib/crts8515.o
 *(.init2)
 *(.init3)
 *(.init3)
 *(.init4)
 .init4         0x00000026       0x18 c:/winavr-20100110/bin/../lib/gcc/avr/4.3.3\libgcc.a(_copy_data.o)
                0x00000026                __do_copy_data
 .init4         0x0000003e       0x10 c:/winavr-20100110/bin/../lib/gcc/avr/4.3.3\libgcc.a(_clear_bss.o)
                0x0000003e                __do_clear_bss
 *(.init4)
 *(.init5)
 *(.init5)
 *(.init6)
 *(.init6)
 *(.init7)
 *(.init7)
 *(.init8)
 *(.init8)
 *(.init9)
 .init9         0x0000004e        0x4 c:/winavr-20100110/bin/../lib/gcc/avr/4.3.3/../../../../avr/lib/crts8515.o
 *(.init9)
 *(.text)
 .text          0x00000052        0x2 c:/winavr-20100110/bin/../lib/gcc/avr/4.3.3/../../../../avr/lib/crts8515.o
                0x00000052                __vector_1
                0x00000052                __vector_12
                0x00000052                __bad_interrupt
                0x00000052                __vector_6
                0x00000052                __vector_3
                0x00000052                __vector_4
                0x00000052                __vector_9
                0x00000052                __vector_2
                0x00000052                __vector_8
                0x00000052                __vector_10
 .text          0x00000054      0x106 c:/winavr-20100110/bin/../lib/gcc/avr/4.3.3\libgcc.a(_lshrdi3.o)
                0x00000054                __lshrdi3
                0x0000015a                . = ALIGN (0x2)
 *(.text.*)
 .text.main     0x0000015a       0xa2 C:\Users\o7a9a\AppData\Local\Temp/ccov35Sn.o
                0x0000015a                main
 .text.Task_UART
                0x000001fc       0x36 C:\Users\o7a9a\AppData\Local\Temp/ccov35Sn.o
                0x000001fc                Task_UART
 .text.Task_Motor
                0x00000232       0x4a C:\Users\o7a9a\AppData\Local\Temp/ccov35Sn.o
                0x00000232                Task_Motor
 .text.Task_LCD
                0x0000027c       0x46 C:\Users\o7a9a\AppData\Local\Temp/ccov35Sn.o
                0x0000027c                Task_LCD
 .text.Task_PWM
                0x000002c2       0x5a C:\Users\o7a9a\AppData\Local\Temp/ccov35Sn.o
                0x000002c2                Task_PWM
 .text.int_log_2
                0x0000031c       0x2e C:\Users\o7a9a\AppData\Local\Temp/ccm6rVGx.o
                0x0000031c                int_log_2
 .text.DIO_writePin
                0x0000034a       0x5c C:\Users\o7a9a\AppData\Local\Temp/ccA3DC7O.o
                0x0000034a                DIO_writePin
 .text.DIO_setPinDirectionInitVal
                0x000003a6       0x78 C:\Users\o7a9a\AppData\Local\Temp/ccA3DC7O.o
                0x000003a6                DIO_setPinDirectionInitVal
 .text.DIO_setPinDirection
                0x0000041e        0xc C:\Users\o7a9a\AppData\Local\Temp/ccA3DC7O.o
                0x0000041e                DIO_setPinDirection
 .text.DIO_writeAllPinsPortSection
                0x0000042a       0x9c C:\Users\o7a9a\AppData\Local\Temp/ccA3DC7O.o
                0x0000042a                DIO_writeAllPinsPortSection
 .text.DIO_setPortSectionDirection
                0x000004c6       0xda C:\Users\o7a9a\AppData\Local\Temp/ccA3DC7O.o
                0x000004c6                DIO_setPortSectionDirection
 .text.DIO_assignPortSection
                0x000005a0       0x7a C:\Users\o7a9a\AppData\Local\Temp/ccA3DC7O.o
                0x000005a0                DIO_assignPortSection
 .text.PWMCustom_writeDutyCycle
                0x0000061a       0x5a C:\Users\o7a9a\AppData\Local\Temp/cceIf3Sc.o
                0x0000061a                PWMCustom_writeDutyCycle
 .text.PWMCustom_init
                0x00000674      0x176 C:\Users\o7a9a\AppData\Local\Temp/cceIf3Sc.o
                0x00000674                PWMCustom_init
 .text.__vector_5
                0x000007ea       0x78 C:\Users\o7a9a\AppData\Local\Temp/cceIf3Sc.o
                0x000007ea                __vector_5
 .text.__vector_11
                0x00000862       0x78 C:\Users\o7a9a\AppData\Local\Temp/cceIf3Sc.o
                0x00000862                __vector_11
 .text.UART_dequeueBufferAtomic
                0x000008da       0x38 C:\Users\o7a9a\AppData\Local\Temp/ccch5mRH.o
                0x000008da                UART_dequeueBufferAtomic
 .text.UART_consumeBuffer
                0x00000912       0x1c C:\Users\o7a9a\AppData\Local\Temp/ccch5mRH.o
                0x00000912                UART_consumeBuffer
 .text.UART_setBaudRate
                0x0000092e       0x3e C:\Users\o7a9a\AppData\Local\Temp/ccch5mRH.o
                0x0000092e                UART_setBaudRate
 .text.UART_initCustom
                0x0000096c       0x86 C:\Users\o7a9a\AppData\Local\Temp/ccch5mRH.o
                0x0000096c                UART_initCustom
 .text.UART_readBytes
                0x000009f2       0x66 C:\Users\o7a9a\AppData\Local\Temp/ccch5mRH.o
                0x000009f2                UART_readBytes
 .text.SevenSegment_writeDigit
                0x00000a58       0x30 C:\Users\o7a9a\AppData\Local\Temp/ccq0XtQk.o
                0x00000a58                SevenSegment_writeDigit
 .text.SevenSegment_clear
                0x00000a88       0x20 C:\Users\o7a9a\AppData\Local\Temp/ccq0XtQk.o
                0x00000a88                SevenSegment_clear
 .text.SevenSegment_init
                0x00000aa8       0x2e C:\Users\o7a9a\AppData\Local\Temp/ccq0XtQk.o
                0x00000aa8                SevenSegment_init
 .text.vPortFree
                0x00000ad6        0x2 C:\Users\o7a9a\AppData\Local\Temp/cc8c5sSS.o
                0x00000ad6                vPortFree
 .text.pvPortMalloc
                0x00000ad8       0x52 C:\Users\o7a9a\AppData\Local\Temp/cc8c5sSS.o
                0x00000ad8                pvPortMalloc
 .text.vListInitialise
                0x00000b2a       0x24 C:\Users\o7a9a\AppData\Local\Temp/ccmge11K.o
                0x00000b2a                vListInitialise
 .text.vListInitialiseItem
                0x00000b4e        0xa C:\Users\o7a9a\AppData\Local\Temp/ccmge11K.o
                0x00000b4e                vListInitialiseItem
 .text.vListInsertEnd
                0x00000b58       0x5e C:\Users\o7a9a\AppData\Local\Temp/ccmge11K.o
                0x00000b58                vListInsertEnd
 .text.vListInsert
                0x00000bb6       0x74 C:\Users\o7a9a\AppData\Local\Temp/ccmge11K.o
                0x00000bb6                vListInsert
 .text.vListRemove
                0x00000c2a       0x52 C:\Users\o7a9a\AppData\Local\Temp/ccmge11K.o
                0x00000c2a                vListRemove
 .text.pxPortInitialiseStack
                0x00000c7c       0x94 C:\Users\o7a9a\AppData\Local\Temp/cc8qyJiM.o
                0x00000c7c                pxPortInitialiseStack
 .text.xPortStartScheduler
                0x00000d10       0x6a C:\Users\o7a9a\AppData\Local\Temp/cc8qyJiM.o
                0x00000d10                xPortStartScheduler
 .text.vPortYieldFromTick
                0x00000d7a       0xb2 C:\Users\o7a9a\AppData\Local\Temp/cc8qyJiM.o
                0x00000d7a                vPortYieldFromTick
 .text.__vector_7
                0x00000e2c        0x4 C:\Users\o7a9a\AppData\Local\Temp/cc8qyJiM.o
                0x00000e2c                __vector_7
 .text.vPortYield
                0x00000e30       0xb0 C:\Users\o7a9a\AppData\Local\Temp/cc8qyJiM.o
                0x00000e30                vPortYield
 .text.vTaskSuspendAll
                0x00000ee0        0xc C:\Users\o7a9a\AppData\Local\Temp/ccr8DSVZ.o
                0x00000ee0                vTaskSuspendAll
 .text.xTaskGetTickCount
                0x00000eec       0x18 C:\Users\o7a9a\AppData\Local\Temp/ccr8DSVZ.o
                0x00000eec                xTaskGetTickCount
 .text.vTaskSwitchContext
                0x00000f04       0x8c C:\Users\o7a9a\AppData\Local\Temp/ccr8DSVZ.o
                0x00000f04                vTaskSwitchContext
 .text.vTaskIncrementTick
                0x00000f90      0x146 C:\Users\o7a9a\AppData\Local\Temp/ccr8DSVZ.o
                0x00000f90                vTaskIncrementTick
 .text.prvAddCurrentTaskToDelayedList
                0x000010d6       0x6c C:\Users\o7a9a\AppData\Local\Temp/ccr8DSVZ.o
 .text.xTaskResumeAll
                0x00001142       0xf4 C:\Users\o7a9a\AppData\Local\Temp/ccr8DSVZ.o
                0x00001142                xTaskResumeAll
 .text.vTaskDelayUntil
                0x00001236       0x76 C:\Users\o7a9a\AppData\Local\Temp/ccr8DSVZ.o
                0x00001236                vTaskDelayUntil
 .text.prvIdleTask
                0x000012ac       0x64 C:\Users\o7a9a\AppData\Local\Temp/ccr8DSVZ.o
 .text.xTaskGenericCreate
                0x00001310      0x222 C:\Users\o7a9a\AppData\Local\Temp/ccr8DSVZ.o
                0x00001310                xTaskGenericCreate
 .text.vTaskStartScheduler
                0x00001532       0x52 C:\Users\o7a9a\AppData\Local\Temp/ccr8DSVZ.o
                0x00001532                vTaskStartScheduler
 .text.libgcc   0x00001584       0x24 c:/winavr-20100110/bin/../lib/gcc/avr/4.3.3\libgcc.a(_mulhi3.o)
                0x00001584                __mulhi3
 .text.libgcc   0x000015a8       0x36 c:/winavr-20100110/bin/../lib/gcc/avr/4.3.3\libgcc.a(_mulsi3.o)
                0x000015a8                __mulsi3
 .text.libgcc   0x000015de       0x2c c:/winavr-20100110/bin/../lib/gcc/avr/4.3.3\libgcc.a(_udivmodhi4.o)
                0x000015de                __udivmodhi4
 .text.libgcc   0x0000160a       0x26 c:/winavr-20100110/bin/../lib/gcc/avr/4.3.3\libgcc.a(_divmodhi4.o)
                0x0000160a                __divmodhi4
                0x0000160a                _div
 .text.libgcc   0x00001630       0x4e c:/winavr-20100110/bin/../lib/gcc/avr/4.3.3\libgcc.a(_udivmodsi4.o)
                0x00001630                __udivmodsi4
 .text.avr-libc
                0x0000167e       0x10 c:/winavr-20100110/bin/../lib/gcc/avr/4.3.3/../../../../avr/lib\libc.a(memset.o)
                0x0000167e                memset
 .text.avr-libc
                0x0000168e       0x22 c:/winavr-20100110/bin/../lib/gcc/avr/4.3.3/../../../../avr/lib\libc.a(strncpy.o)
                0x0000168e                strncpy
                0x000016b0                . = ALIGN (0x2)
 *(.fini9)
 .fini9         0x000016b0        0x0 c:/winavr-20100110/bin/../lib/gcc/avr/4.3.3\libgcc.a(_exit.o)
                0x000016b0                exit
                0x000016b0                _exit
 *(.fini9)
 *(.fini8)
 *(.fini8)
 *(.fini7)
 *(.fini7)
 *(.fini6)
 *(.fini6)
 *(.fini5)
 *(.fini5)
 *(.fini4)
 *(.fini4)
 *(.fini3)
 *(.fini3)
 *(.fini2)
 *(.fini2)
 *(.fini1)
 *(.fini1)
 *(.fini0)
 .fini0         0x000016b0        0x4 c:/winavr-20100110/bin/../lib/gcc/avr/4.3.3\libgcc.a(_exit.o)
 *(.fini0)
                0x000016b4                _etext = .

.data           0x00800060       0x7c load address 0x000016b4
                0x00800060                PROVIDE (__data_start, .)
 *(.data)
 .data          0x00800060       0x2c C:\Users\o7a9a\AppData\Local\Temp/ccov35Sn.o
                0x0080008b                enB
                0x00800087                pwmPin
                0x00800088                sevseg
                0x0080008a                enA
 .data          0x0080008c       0x18 C:\Users\o7a9a\AppData\Local\Temp/ccA3DC7O.o
 .data          0x008000a4       0x27 C:\Users\o7a9a\AppData\Local\Temp/cceIf3Sc.o
 .data          0x008000cb        0xa C:\Users\o7a9a\AppData\Local\Temp/ccq0XtQk.o
                0x008000cb                SevenSegment_digitMap_cc
 .data          0x008000d5        0x7 C:\Users\o7a9a\AppData\Local\Temp/ccr8DSVZ.o
 *(.data*)
 *(.rodata)
 *(.rodata*)
 *(.gnu.linkonce.d*)
                0x008000dc                . = ALIGN (0x2)
                0x008000dc                _edata = .
                0x008000dc                PROVIDE (__data_end, .)

.bss            0x008000dc      0x34f
                0x008000dc                PROVIDE (__bss_start, .)
 *(.bss)
 .bss           0x008000dc        0x4 C:\Users\o7a9a\AppData\Local\Temp/ccov35Sn.o
                0x008000dd                motorLastState
                0x008000de                data
                0x008000dc                cursorPos
 .bss           0x008000e0        0xb C:\Users\o7a9a\AppData\Local\Temp/cceIf3Sc.o
                0x008000e0                totalCustomValues
 .bss           0x008000eb       0x82 C:\Users\o7a9a\AppData\Local\Temp/ccch5mRH.o
 .bss           0x0080016d      0x25a C:\Users\o7a9a\AppData\Local\Temp/cc8c5sSS.o
 .bss           0x008003c7       0x63 C:\Users\o7a9a\AppData\Local\Temp/ccr8DSVZ.o
                0x008003c7                pxCurrentTCB
 *(.bss*)
 *(COMMON)
 COMMON         0x0080042a        0x1 C:\Users\o7a9a\AppData\Local\Temp/ccov35Sn.o
                0x0080042a                pwmHandle
                0x0080042b                PROVIDE (__bss_end, .)
                0x000016b4                __data_load_start = LOADADDR (.data)
                0x00001730                __data_load_end = (__data_load_start + SIZEOF (.data))

.noinit         0x0080042b        0x0
                0x0080042b                PROVIDE (__noinit_start, .)
 *(.noinit*)
                0x0080042b                PROVIDE (__noinit_end, .)
                0x0080042b                _end = .
                0x0080042b                PROVIDE (__heap_start, .)

.eeprom         0x00810000        0x0
 *(.eeprom*)
                0x00810000                __eeprom_end = .

.fuse
 *(.fuse)
 *(.lfuse)
 *(.hfuse)
 *(.efuse)

.lock
 *(.lock*)

.signature
 *(.signature*)

.stab
 *(.stab)

.stabstr
 *(.stabstr)

.stab.excl
 *(.stab.excl)

.stab.exclstr
 *(.stab.exclstr)

.stab.index
 *(.stab.index)

.stab.indexstr
 *(.stab.indexstr)

.comment
 *(.comment)

.debug
 *(.debug)

.line
 *(.line)

.debug_srcinfo
 *(.debug_srcinfo)

.debug_sfnames
 *(.debug_sfnames)

.debug_aranges  0x00000000      0x448
 *(.debug_aranges)
 .debug_aranges
                0x00000000       0x40 C:\Users\o7a9a\AppData\Local\Temp/ccov35Sn.o
 .debug_aranges
                0x00000040       0x20 C:\Users\o7a9a\AppData\Local\Temp/ccm6rVGx.o
 .debug_aranges
                0x00000060       0x68 C:\Users\o7a9a\AppData\Local\Temp/ccA3DC7O.o
 .debug_aranges
                0x000000c8       0x60 C:\Users\o7a9a\AppData\Local\Temp/cceIf3Sc.o
 .debug_aranges
                0x00000128       0x98 C:\Users\o7a9a\AppData\Local\Temp/ccch5mRH.o
 .debug_aranges
                0x000001c0       0x40 C:\Users\o7a9a\AppData\Local\Temp/ccq0XtQk.o
 .debug_aranges
                0x00000200       0x38 C:\Users\o7a9a\AppData\Local\Temp/ccu0jsQ4.o
 .debug_aranges
                0x00000238       0x38 C:\Users\o7a9a\AppData\Local\Temp/cc8c5sSS.o
 .debug_aranges
                0x00000270       0x40 C:\Users\o7a9a\AppData\Local\Temp/ccmge11K.o
 .debug_aranges
                0x000002b0       0x48 C:\Users\o7a9a\AppData\Local\Temp/cc8qyJiM.o
 .debug_aranges
                0x000002f8       0x78 C:\Users\o7a9a\AppData\Local\Temp/cc8GtDlS.o
 .debug_aranges
                0x00000370       0xb8 C:\Users\o7a9a\AppData\Local\Temp/ccr8DSVZ.o
 .debug_aranges
                0x00000428       0x20 c:/winavr-20100110/bin/../lib/gcc/avr/4.3.3\libgcc.a(_lshrdi3.o)

.debug_pubnames
                0x00000000      0x9bd
 *(.debug_pubnames)
 .debug_pubnames
                0x00000000       0xb0 C:\Users\o7a9a\AppData\Local\Temp/ccov35Sn.o
 .debug_pubnames
                0x000000b0       0x20 C:\Users\o7a9a\AppData\Local\Temp/ccm6rVGx.o
 .debug_pubnames
                0x000000d0      0x111 C:\Users\o7a9a\AppData\Local\Temp/ccA3DC7O.o
 .debug_pubnames
                0x000001e1       0xe5 C:\Users\o7a9a\AppData\Local\Temp/cceIf3Sc.o
 .debug_pubnames
                0x000002c6      0x162 C:\Users\o7a9a\AppData\Local\Temp/ccch5mRH.o
 .debug_pubnames
                0x00000428       0xae C:\Users\o7a9a\AppData\Local\Temp/ccq0XtQk.o
 .debug_pubnames
                0x000004d6       0x96 C:\Users\o7a9a\AppData\Local\Temp/ccu0jsQ4.o
 .debug_pubnames
                0x0000056c       0x64 C:\Users\o7a9a\AppData\Local\Temp/cc8c5sSS.o
 .debug_pubnames
                0x000005d0       0x71 C:\Users\o7a9a\AppData\Local\Temp/ccmge11K.o
 .debug_pubnames
                0x00000641       0x8f C:\Users\o7a9a\AppData\Local\Temp/cc8qyJiM.o
 .debug_pubnames
                0x000006d0      0x111 C:\Users\o7a9a\AppData\Local\Temp/cc8GtDlS.o
 .debug_pubnames
                0x000007e1      0x1bc C:\Users\o7a9a\AppData\Local\Temp/ccr8DSVZ.o
 .debug_pubnames
                0x0000099d       0x20 c:/winavr-20100110/bin/../lib/gcc/avr/4.3.3\libgcc.a(_lshrdi3.o)

.debug_info     0x00000000     0x39c8
 *(.debug_info)
 .debug_info    0x00000000      0x3e2 C:\Users\o7a9a\AppData\Local\Temp/ccov35Sn.o
 .debug_info    0x000003e2       0xb3 C:\Users\o7a9a\AppData\Local\Temp/ccm6rVGx.o
 .debug_info    0x00000495      0x364 C:\Users\o7a9a\AppData\Local\Temp/ccA3DC7O.o
 .debug_info    0x000007f9      0x77e C:\Users\o7a9a\AppData\Local\Temp/cceIf3Sc.o
 .debug_info    0x00000f77      0x798 C:\Users\o7a9a\AppData\Local\Temp/ccch5mRH.o
 .debug_info    0x0000170f      0x2da C:\Users\o7a9a\AppData\Local\Temp/ccq0XtQk.o
 .debug_info    0x000019e9      0x506 C:\Users\o7a9a\AppData\Local\Temp/ccu0jsQ4.o
 .debug_info    0x00001eef      0x16d C:\Users\o7a9a\AppData\Local\Temp/cc8c5sSS.o
 .debug_info    0x0000205c      0x2b5 C:\Users\o7a9a\AppData\Local\Temp/ccmge11K.o
 .debug_info    0x00002311      0x1c6 C:\Users\o7a9a\AppData\Local\Temp/cc8qyJiM.o
 .debug_info    0x000024d7      0x784 C:\Users\o7a9a\AppData\Local\Temp/cc8GtDlS.o
 .debug_info    0x00002c5b      0xb7f C:\Users\o7a9a\AppData\Local\Temp/ccr8DSVZ.o
 .debug_info    0x000037da       0x6f C:\Users\o7a9a\AppData\Local\Temp/ccWtSmZf.o
 .debug_info    0x00003849      0x17f c:/winavr-20100110/bin/../lib/gcc/avr/4.3.3\libgcc.a(_lshrdi3.o)
 *(.gnu.linkonce.wi.*)

.debug_abbrev   0x00000000     0x1177
 *(.debug_abbrev)
 .debug_abbrev  0x00000000      0x122 C:\Users\o7a9a\AppData\Local\Temp/ccov35Sn.o
 .debug_abbrev  0x00000122       0x63 C:\Users\o7a9a\AppData\Local\Temp/ccm6rVGx.o
 .debug_abbrev  0x00000185      0x112 C:\Users\o7a9a\AppData\Local\Temp/ccA3DC7O.o
 .debug_abbrev  0x00000297      0x184 C:\Users\o7a9a\AppData\Local\Temp/cceIf3Sc.o
 .debug_abbrev  0x0000041b      0x242 C:\Users\o7a9a\AppData\Local\Temp/ccch5mRH.o
 .debug_abbrev  0x0000065d      0x10e C:\Users\o7a9a\AppData\Local\Temp/ccq0XtQk.o
 .debug_abbrev  0x0000076b      0x1d0 C:\Users\o7a9a\AppData\Local\Temp/ccu0jsQ4.o
 .debug_abbrev  0x0000093b      0x116 C:\Users\o7a9a\AppData\Local\Temp/cc8c5sSS.o
 .debug_abbrev  0x00000a51       0xdf C:\Users\o7a9a\AppData\Local\Temp/ccmge11K.o
 .debug_abbrev  0x00000b30      0x11a C:\Users\o7a9a\AppData\Local\Temp/cc8qyJiM.o
 .debug_abbrev  0x00000c4a      0x1b5 C:\Users\o7a9a\AppData\Local\Temp/cc8GtDlS.o
 .debug_abbrev  0x00000dff      0x257 C:\Users\o7a9a\AppData\Local\Temp/ccr8DSVZ.o
 .debug_abbrev  0x00001056       0x33 C:\Users\o7a9a\AppData\Local\Temp/ccWtSmZf.o
 .debug_abbrev  0x00001089       0xee c:/winavr-20100110/bin/../lib/gcc/avr/4.3.3\libgcc.a(_lshrdi3.o)

.debug_line     0x00000000     0x27d0
 *(.debug_line)
 .debug_line    0x00000000      0x23f C:\Users\o7a9a\AppData\Local\Temp/ccov35Sn.o
 .debug_line    0x0000023f       0x8b C:\Users\o7a9a\AppData\Local\Temp/ccm6rVGx.o
 .debug_line    0x000002ca      0x247 C:\Users\o7a9a\AppData\Local\Temp/ccA3DC7O.o
 .debug_line    0x00000511      0x3e1 C:\Users\o7a9a\AppData\Local\Temp/cceIf3Sc.o
 .debug_line    0x000008f2      0x431 C:\Users\o7a9a\AppData\Local\Temp/ccch5mRH.o
 .debug_line    0x00000d23      0x200 C:\Users\o7a9a\AppData\Local\Temp/ccq0XtQk.o
 .debug_line    0x00000f23      0x2d9 C:\Users\o7a9a\AppData\Local\Temp/ccu0jsQ4.o
 .debug_line    0x000011fc      0x136 C:\Users\o7a9a\AppData\Local\Temp/cc8c5sSS.o
 .debug_line    0x00001332      0x1e7 C:\Users\o7a9a\AppData\Local\Temp/ccmge11K.o
 .debug_line    0x00001519      0x2d8 C:\Users\o7a9a\AppData\Local\Temp/cc8qyJiM.o
 .debug_line    0x000017f1      0x6bd C:\Users\o7a9a\AppData\Local\Temp/cc8GtDlS.o
 .debug_line    0x00001eae      0x810 C:\Users\o7a9a\AppData\Local\Temp/ccr8DSVZ.o
 .debug_line    0x000026be       0x3e C:\Users\o7a9a\AppData\Local\Temp/ccWtSmZf.o
 .debug_line    0x000026fc       0xd4 c:/winavr-20100110/bin/../lib/gcc/avr/4.3.3\libgcc.a(_lshrdi3.o)

.debug_frame    0x00000000      0x6f0
 *(.debug_frame)
 .debug_frame   0x00000000       0x60 C:\Users\o7a9a\AppData\Local\Temp/ccov35Sn.o
 .debug_frame   0x00000060       0x20 C:\Users\o7a9a\AppData\Local\Temp/ccm6rVGx.o
 .debug_frame   0x00000080       0xb0 C:\Users\o7a9a\AppData\Local\Temp/ccA3DC7O.o
 .debug_frame   0x00000130       0xa0 C:\Users\o7a9a\AppData\Local\Temp/cceIf3Sc.o
 .debug_frame   0x000001d0      0x110 C:\Users\o7a9a\AppData\Local\Temp/ccch5mRH.o
 .debug_frame   0x000002e0       0x60 C:\Users\o7a9a\AppData\Local\Temp/ccq0XtQk.o
 .debug_frame   0x00000340       0x50 C:\Users\o7a9a\AppData\Local\Temp/ccu0jsQ4.o
 .debug_frame   0x00000390       0x50 C:\Users\o7a9a\AppData\Local\Temp/cc8c5sSS.o
 .debug_frame   0x000003e0       0x60 C:\Users\o7a9a\AppData\Local\Temp/ccmge11K.o
 .debug_frame   0x00000440       0x70 C:\Users\o7a9a\AppData\Local\Temp/cc8qyJiM.o
 .debug_frame   0x000004b0       0xd0 C:\Users\o7a9a\AppData\Local\Temp/cc8GtDlS.o
 .debug_frame   0x00000580      0x150 C:\Users\o7a9a\AppData\Local\Temp/ccr8DSVZ.o
 .debug_frame   0x000006d0       0x20 c:/winavr-20100110/bin/../lib/gcc/avr/4.3.3\libgcc.a(_lshrdi3.o)

.debug_str      0x00000000     0x1958
 *(.debug_str)
 .debug_str     0x00000000      0x2ff C:\Users\o7a9a\AppData\Local\Temp/ccov35Sn.o
                                0x355 (size before relaxing)
 .debug_str     0x000002ff       0x19 C:\Users\o7a9a\AppData\Local\Temp/ccm6rVGx.o
                                 0xe9 (size before relaxing)
 .debug_str     0x00000318      0x12f C:\Users\o7a9a\AppData\Local\Temp/ccA3DC7O.o
                                0x230 (size before relaxing)
 .debug_str     0x00000447      0x319 C:\Users\o7a9a\AppData\Local\Temp/cceIf3Sc.o
                                0x41f (size before relaxing)
 .debug_str     0x00000760      0x289 C:\Users\o7a9a\AppData\Local\Temp/ccch5mRH.o
                                0x4a5 (size before relaxing)
 .debug_str     0x000009e9      0x16d C:\Users\o7a9a\AppData\Local\Temp/ccq0XtQk.o
                                0x2c4 (size before relaxing)
 .debug_str     0x00000b56      0x33c C:\Users\o7a9a\AppData\Local\Temp/ccu0jsQ4.o
                                0x429 (size before relaxing)
 .debug_str     0x00000e92       0xa3 C:\Users\o7a9a\AppData\Local\Temp/cc8c5sSS.o
                                0x175 (size before relaxing)
 .debug_str     0x00000f35       0xa8 C:\Users\o7a9a\AppData\Local\Temp/ccmge11K.o
                                0x205 (size before relaxing)
 .debug_str     0x00000fdd       0xec C:\Users\o7a9a\AppData\Local\Temp/cc8qyJiM.o
                                0x1be (size before relaxing)
 .debug_str     0x000010c9      0x2fb C:\Users\o7a9a\AppData\Local\Temp/cc8GtDlS.o
                                0x490 (size before relaxing)
 .debug_str     0x000013c4      0x4d9 C:\Users\o7a9a\AppData\Local\Temp/ccr8DSVZ.o
                                0x735 (size before relaxing)
 .debug_str     0x0000189d       0x17 C:\Users\o7a9a\AppData\Local\Temp/ccWtSmZf.o
                                 0xe9 (size before relaxing)
 .debug_str     0x000018b4       0xa4 c:/winavr-20100110/bin/../lib/gcc/avr/4.3.3\libgcc.a(_lshrdi3.o)
                                0x129 (size before relaxing)

.debug_loc      0x00000000     0x1bc1
 *(.debug_loc)
 .debug_loc     0x00000000       0x60 C:\Users\o7a9a\AppData\Local\Temp/ccov35Sn.o
 .debug_loc     0x00000060       0xa3 C:\Users\o7a9a\AppData\Local\Temp/ccm6rVGx.o
 .debug_loc     0x00000103      0x22c C:\Users\o7a9a\AppData\Local\Temp/ccA3DC7O.o
 .debug_loc     0x0000032f      0x31c C:\Users\o7a9a\AppData\Local\Temp/cceIf3Sc.o
 .debug_loc     0x0000064b      0x387 C:\Users\o7a9a\AppData\Local\Temp/ccch5mRH.o
 .debug_loc     0x000009d2      0x2fc C:\Users\o7a9a\AppData\Local\Temp/ccq0XtQk.o
 .debug_loc     0x00000cce      0x170 C:\Users\o7a9a\AppData\Local\Temp/ccu0jsQ4.o
 .debug_loc     0x00000e3e       0x50 C:\Users\o7a9a\AppData\Local\Temp/cc8c5sSS.o
 .debug_loc     0x00000e8e      0x100 C:\Users\o7a9a\AppData\Local\Temp/ccmge11K.o
 .debug_loc     0x00000f8e       0x3b C:\Users\o7a9a\AppData\Local\Temp/cc8qyJiM.o
 .debug_loc     0x00000fc9      0x608 C:\Users\o7a9a\AppData\Local\Temp/cc8GtDlS.o
 .debug_loc     0x000015d1      0x4f8 C:\Users\o7a9a\AppData\Local\Temp/ccr8DSVZ.o
 .debug_loc     0x00001ac9       0xf8 c:/winavr-20100110/bin/../lib/gcc/avr/4.3.3\libgcc.a(_lshrdi3.o)

.debug_macinfo
 *(.debug_macinfo)
OUTPUT(actuator_reciver.o elf32-avr)
LOAD linker stubs

.debug_ranges   0x00000000      0x3f8
 .debug_ranges  0x00000000       0x38 C:\Users\o7a9a\AppData\Local\Temp/ccov35Sn.o
 .debug_ranges  0x00000038       0x18 C:\Users\o7a9a\AppData\Local\Temp/ccm6rVGx.o
 .debug_ranges  0x00000050       0x60 C:\Users\o7a9a\AppData\Local\Temp/ccA3DC7O.o
 .debug_ranges  0x000000b0       0x58 C:\Users\o7a9a\AppData\Local\Temp/cceIf3Sc.o
 .debug_ranges  0x00000108       0xa8 C:\Users\o7a9a\AppData\Local\Temp/ccch5mRH.o
 .debug_ranges  0x000001b0       0x38 C:\Users\o7a9a\AppData\Local\Temp/ccq0XtQk.o
 .debug_ranges  0x000001e8       0x30 C:\Users\o7a9a\AppData\Local\Temp/ccu0jsQ4.o
 .debug_ranges  0x00000218       0x30 C:\Users\o7a9a\AppData\Local\Temp/cc8c5sSS.o
 .debug_ranges  0x00000248       0x38 C:\Users\o7a9a\AppData\Local\Temp/ccmge11K.o
 .debug_ranges  0x00000280       0x40 C:\Users\o7a9a\AppData\Local\Temp/cc8qyJiM.o
 .debug_ranges  0x000002c0       0x70 C:\Users\o7a9a\AppData\Local\Temp/cc8GtDlS.o
 .debug_ranges  0x00000330       0xc8 C:\Users\o7a9a\AppData\Local\Temp/ccr8DSVZ.o
